JUCE v8.0.10
Available MIDI devices: 4
  - Maschine MK3
  - Ableton Push Live Port
  - Ableton Push User Port
  - Maschine MK3 Virtual Input
✅ Keyboard mappings loaded
InputManager::prepare sampleRate = 48000bufferSize = 512
AudioInputBuffer initialized.
InputTap trigger address = 5503030376
Shared trigger address   = 5503030376
✅ Audio device settings restored from file
✅ Trigger Threshold restored: 0.04
✅ Channel settings restored
📐 Window size: 710 x 750
🧪 runVisualizerTest: Starting...
🌊 AddWaveform T1 | BufferSize: 96000 | TrackLen: 96000 | MasterLen: 96000 | loopRatio: 1 | StartAngleRatio: 0
🔍 setTrackMultiplier: trackId=1 multiplier=1
🌊 AddWaveform T2 | BufferSize: 96000 | TrackLen: 96000 | MasterLen: 96000 | loopRatio: 1 | StartAngleRatio: 0
🔍 setTrackMultiplier: trackId=2 multiplier=1
🌊 AddWaveform T3 | BufferSize: 192000 | TrackLen: 192000 | MasterLen: 96000 | loopRatio: 2 | StartAngleRatio: 0
🔍 setTrackMultiplier: trackId=3 multiplier=2
🌊 AddWaveform T4 | BufferSize: 48000 | TrackLen: 48000 | MasterLen: 96000 | loopRatio: 0.5 | StartAngleRatio: 0
🔍 setTrackMultiplier: trackId=4 multiplier=0.5
🔄 setMaxMultiplier: 2
🧪 runVisualizerTest: Waveforms added. Rendering screenshot...
📸 Screenshot saved to: /Users/mtsh/Desktop/SAROS_Visualizer_Test.png
